// Jest Snapshot v1, https://goo.gl/fbAQLP

exports[`PatientList should render correctly 1`] = `
<RCTScrollView
  ItemSeparatorComponent={[Function]}
  ListEmptyComponent={
    <React.Fragment>
      <ErrorState
        className="mt-xxl"
        type="empty"
      />
    </React.Fragment>
  }
  ListFooterComponent={
    <React.Fragment>
      <Box
        className="h-m"
      />
    </React.Fragment>
  }
  ListHeaderComponent={
    <React.Fragment>
      <Box
        className="h-s"
      />
    </React.Fragment>
  }
  contentContainerStyle={
    [
      {
        "flexGrow": 1,
      },
      undefined,
    ]
  }
  data={
    [
      {
        "birthdate": "2021-01-01",
        "createdAt": "",
        "firstname": "John",
        "id": "1",
        "lastname": "Doe",
        "objectives": [
          {
            "color": "#1fff00",
            "createdAt": "",
            "id": "1",
            "name": "Obj1",
            "practitionnerId": "",
            "slug": "Obj1",
            "updatedAt": "",
          },
          {
            "color": "#ff3f00",
            "createdAt": "",
            "id": "2",
            "name": "Obj2",
            "practitionnerId": "",
            "slug": "Obj2",
            "updatedAt": "",
          },
        ],
        "practitionnerId": "",
        "updatedAt": "",
      },
      {
        "birthdate": "2021-01-01",
        "createdAt": "",
        "firstname": "John",
        "id": "2",
        "lastname": "Doe",
        "objectives": [
          {
            "color": "#1fff00",
            "createdAt": "",
            "id": "1",
            "name": "Obj1",
            "practitionnerId": "",
            "slug": "Obj1",
            "updatedAt": "",
          },
        ],
        "practitionnerId": "",
        "updatedAt": "",
      },
      {
        "birthdate": "2021-01-01",
        "createdAt": "",
        "firstname": "John",
        "id": "3",
        "lastname": "Doe",
        "objectives": [],
        "practitionnerId": "",
        "updatedAt": "",
      },
      {
        "birthdate": "2021-01-01",
        "createdAt": "",
        "firstname": "John",
        "id": "4",
        "lastname": "Doe",
        "objectives": [
          {
            "color": "#ff3f00",
            "createdAt": "",
            "id": "2",
            "name": "Obj2",
            "practitionnerId": "",
            "slug": "Obj2",
            "updatedAt": "",
          },
        ],
        "practitionnerId": "",
        "updatedAt": "",
      },
    ]
  }
  getItem={[Function]}
  getItemCount={[Function]}
  horizontal={false}
  keyExtractor={[Function]}
  onContentSizeChange={[Function]}
  onLayout={[Function]}
  onMomentumScrollBegin={[Function]}
  onMomentumScrollEnd={[Function]}
  onScroll={[Function]}
  onScrollBeginDrag={[Function]}
  onScrollEndDrag={[Function]}
  refreshControl={
    <RefreshControlMock
      refreshing={false}
    />
  }
  removeClippedSubviews={false}
  renderItem={[Function]}
  scrollEventThrottle={50}
  stickyHeaderIndices={[]}
  style={
    {
      "backgroundColor": "#FFFCF9",
    }
  }
  viewabilityConfigCallbackPairs={[]}
>
  <RCTRefreshControl />
  <View>
    <View
      collapsable={false}
      onLayout={[Function]}
    >
      <View
        style={
          [
            {
              "height": 12,
            },
            [
              undefined,
              undefined,
            ],
          ]
        }
      />
    </View>
    <View
      onFocusCapture={[Function]}
      onLayout={[Function]}
      style={null}
    >
      <View
        accessibilityState={
          {
            "busy": undefined,
            "checked": undefined,
            "disabled": undefined,
            "expanded": undefined,
            "selected": undefined,
          }
        }
        accessibilityValue={
          {
            "max": undefined,
            "min": undefined,
            "now": undefined,
            "text": undefined,
          }
        }
        accessible={true}
        collapsable={false}
        focusable={true}
        onBlur={[Function]}
        onClick={[Function]}
        onFocus={[Function]}
        onResponderGrant={[Function]}
        onResponderMove={[Function]}
        onResponderRelease={[Function]}
        onResponderTerminate={[Function]}
        onResponderTerminationRequest={[Function]}
        onStartShouldSetResponder={[Function]}
        style={
          [
            {
              "backgroundColor": "#FFFCF9",
            },
            {
              "shadowColor": "rgba(0, 0, 0, 0.1)",
              "shadowOffset": {
                "height": 2,
                "width": 0,
              },
              "shadowOpacity": 1,
              "shadowRadius": 6,
            },
            {
              "shadowColor": "#D3D3D3",
            },
            {
              "marginLeft": 24,
              "marginRight": 24,
            },
            {
              "paddingBottom": 12,
              "paddingLeft": 12,
              "paddingRight": 12,
              "paddingTop": 12,
            },
            {
              "borderBottomLeftRadius": 6,
              "borderBottomRightRadius": 6,
              "borderTopLeftRadius": 6,
              "borderTopRightRadius": 6,
            },
            [
              {
                "opacity": undefined,
              },
              undefined,
            ],
          ]
        }
        testID=""
      >
        <Text
          style={
            [
              {
                "fontFamily": "SpaceGrotesk-Regular",
              },
              {
                "fontSize": 16,
              },
              {
                "lineHeight": 18,
              },
            ]
          }
        >
          John Doe
        </Text>
        <View
          style={
            [
              {
                "marginTop": 4,
              },
              [
                undefined,
                undefined,
              ],
            ]
          }
        >
          <View
            style={
              [
                {
                  "flexDirection": "row",
                },
                {
                  "flexWrap": "wrap",
                },
                [
                  undefined,
                  [
                    {
                      "marginLeft": -8,
                      "marginTop": -8,
                    },
                    undefined,
                  ],
                ],
              ]
            }
          >
            <View
              accessibilityState={
                {
                  "busy": undefined,
                  "checked": undefined,
                  "disabled": true,
                  "expanded": undefined,
                  "selected": undefined,
                }
              }
              accessibilityValue={
                {
                  "max": undefined,
                  "min": undefined,
                  "now": undefined,
                  "text": undefined,
                }
              }
              accessible={true}
              collapsable={false}
              focusable={true}
              onBlur={[Function]}
              onClick={[Function]}
              onFocus={[Function]}
              onResponderGrant={[Function]}
              onResponderMove={[Function]}
              onResponderRelease={[Function]}
              onResponderTerminate={[Function]}
              onResponderTerminationRequest={[Function]}
              onStartShouldSetResponder={[Function]}
              style={
                [
                  {
                    "borderBottomLeftRadius": 9999,
                    "borderBottomRightRadius": 9999,
                    "borderTopLeftRadius": 9999,
                    "borderTopRightRadius": 9999,
                  },
                  {
                    "paddingBottom": 4,
                    "paddingLeft": 4,
                    "paddingRight": 4,
                    "paddingTop": 4,
                  },
                  {
                    "flexDirection": "row",
                  },
                  {
                    "alignSelf": "flex-start",
                  },
                  [
                    {
                      "opacity": undefined,
                    },
                    [
                      {
                        "backgroundColor": "#1fff00",
                      },
                      {
                        "marginLeft": 8,
                        "marginTop": 8,
                      },
                      undefined,
                    ],
                  ],
                ]
              }
              testID="tag/Obj1"
            >
              <Text
                style={
                  [
                    {
                      "fontFamily": "SpaceGrotesk-light",
                    },
                    {
                      "fontSize": 12,
                    },
                    {
                      "lineHeight": 16,
                    },
                    {
                      "color": "#FFFCF9",
                    },
                  ]
                }
              >
                Obj1
              </Text>
            </View>
            <View
              accessibilityState={
                {
                  "busy": undefined,
                  "checked": undefined,
                  "disabled": true,
                  "expanded": undefined,
                  "selected": undefined,
                }
              }
              accessibilityValue={
                {
                  "max": undefined,
                  "min": undefined,
                  "now": undefined,
                  "text": undefined,
                }
              }
              accessible={true}
              collapsable={false}
              focusable={true}
              onBlur={[Function]}
              onClick={[Function]}
              onFocus={[Function]}
              onResponderGrant={[Function]}
              onResponderMove={[Function]}
              onResponderRelease={[Function]}
              onResponderTerminate={[Function]}
              onResponderTerminationRequest={[Function]}
              onStartShouldSetResponder={[Function]}
              style={
                [
                  {
                    "borderBottomLeftRadius": 9999,
                    "borderBottomRightRadius": 9999,
                    "borderTopLeftRadius": 9999,
                    "borderTopRightRadius": 9999,
                  },
                  {
                    "paddingBottom": 4,
                    "paddingLeft": 4,
                    "paddingRight": 4,
                    "paddingTop": 4,
                  },
                  {
                    "flexDirection": "row",
                  },
                  {
                    "alignSelf": "flex-start",
                  },
                  [
                    {
                      "opacity": undefined,
                    },
                    [
                      {
                        "backgroundColor": "#ff3f00",
                      },
                      {
                        "marginLeft": 8,
                        "marginTop": 8,
                      },
                      undefined,
                    ],
                  ],
                ]
              }
              testID="tag/Obj2"
            >
              <Text
                style={
                  [
                    {
                      "fontFamily": "SpaceGrotesk-light",
                    },
                    {
                      "fontSize": 12,
                    },
                    {
                      "lineHeight": 16,
                    },
                    {
                      "color": "#FFFCF9",
                    },
                  ]
                }
              >
                Obj2
              </Text>
            </View>
          </View>
        </View>
      </View>
      <View
        style={
          [
            {
              "height": 12,
            },
            [
              undefined,
              undefined,
            ],
          ]
        }
      />
    </View>
    <View
      onFocusCapture={[Function]}
      onLayout={[Function]}
      style={null}
    >
      <View
        accessibilityState={
          {
            "busy": undefined,
            "checked": undefined,
            "disabled": undefined,
            "expanded": undefined,
            "selected": undefined,
          }
        }
        accessibilityValue={
          {
            "max": undefined,
            "min": undefined,
            "now": undefined,
            "text": undefined,
          }
        }
        accessible={true}
        collapsable={false}
        focusable={true}
        onBlur={[Function]}
        onClick={[Function]}
        onFocus={[Function]}
        onResponderGrant={[Function]}
        onResponderMove={[Function]}
        onResponderRelease={[Function]}
        onResponderTerminate={[Function]}
        onResponderTerminationRequest={[Function]}
        onStartShouldSetResponder={[Function]}
        style={
          [
            {
              "backgroundColor": "#FFFCF9",
            },
            {
              "shadowColor": "rgba(0, 0, 0, 0.1)",
              "shadowOffset": {
                "height": 2,
                "width": 0,
              },
              "shadowOpacity": 1,
              "shadowRadius": 6,
            },
            {
              "shadowColor": "#D3D3D3",
            },
            {
              "marginLeft": 24,
              "marginRight": 24,
            },
            {
              "paddingBottom": 12,
              "paddingLeft": 12,
              "paddingRight": 12,
              "paddingTop": 12,
            },
            {
              "borderBottomLeftRadius": 6,
              "borderBottomRightRadius": 6,
              "borderTopLeftRadius": 6,
              "borderTopRightRadius": 6,
            },
            [
              {
                "opacity": undefined,
              },
              undefined,
            ],
          ]
        }
        testID=""
      >
        <Text
          style={
            [
              {
                "fontFamily": "SpaceGrotesk-Regular",
              },
              {
                "fontSize": 16,
              },
              {
                "lineHeight": 18,
              },
            ]
          }
        >
          John Doe
        </Text>
        <View
          style={
            [
              {
                "marginTop": 4,
              },
              [
                undefined,
                undefined,
              ],
            ]
          }
        >
          <View
            style={
              [
                {
                  "flexDirection": "row",
                },
                {
                  "flexWrap": "wrap",
                },
                [
                  undefined,
                  [
                    {
                      "marginLeft": -8,
                      "marginTop": -8,
                    },
                    undefined,
                  ],
                ],
              ]
            }
          >
            <View
              accessibilityState={
                {
                  "busy": undefined,
                  "checked": undefined,
                  "disabled": true,
                  "expanded": undefined,
                  "selected": undefined,
                }
              }
              accessibilityValue={
                {
                  "max": undefined,
                  "min": undefined,
                  "now": undefined,
                  "text": undefined,
                }
              }
              accessible={true}
              collapsable={false}
              focusable={true}
              onBlur={[Function]}
              onClick={[Function]}
              onFocus={[Function]}
              onResponderGrant={[Function]}
              onResponderMove={[Function]}
              onResponderRelease={[Function]}
              onResponderTerminate={[Function]}
              onResponderTerminationRequest={[Function]}
              onStartShouldSetResponder={[Function]}
              style={
                [
                  {
                    "borderBottomLeftRadius": 9999,
                    "borderBottomRightRadius": 9999,
                    "borderTopLeftRadius": 9999,
                    "borderTopRightRadius": 9999,
                  },
                  {
                    "paddingBottom": 4,
                    "paddingLeft": 4,
                    "paddingRight": 4,
                    "paddingTop": 4,
                  },
                  {
                    "flexDirection": "row",
                  },
                  {
                    "alignSelf": "flex-start",
                  },
                  [
                    {
                      "opacity": undefined,
                    },
                    [
                      {
                        "backgroundColor": "#1fff00",
                      },
                      {
                        "marginLeft": 8,
                        "marginTop": 8,
                      },
                      undefined,
                    ],
                  ],
                ]
              }
              testID="tag/Obj1"
            >
              <Text
                style={
                  [
                    {
                      "fontFamily": "SpaceGrotesk-light",
                    },
                    {
                      "fontSize": 12,
                    },
                    {
                      "lineHeight": 16,
                    },
                    {
                      "color": "#FFFCF9",
                    },
                  ]
                }
              >
                Obj1
              </Text>
            </View>
          </View>
        </View>
      </View>
      <View
        style={
          [
            {
              "height": 12,
            },
            [
              undefined,
              undefined,
            ],
          ]
        }
      />
    </View>
    <View
      onFocusCapture={[Function]}
      onLayout={[Function]}
      style={null}
    >
      <View
        accessibilityState={
          {
            "busy": undefined,
            "checked": undefined,
            "disabled": undefined,
            "expanded": undefined,
            "selected": undefined,
          }
        }
        accessibilityValue={
          {
            "max": undefined,
            "min": undefined,
            "now": undefined,
            "text": undefined,
          }
        }
        accessible={true}
        collapsable={false}
        focusable={true}
        onBlur={[Function]}
        onClick={[Function]}
        onFocus={[Function]}
        onResponderGrant={[Function]}
        onResponderMove={[Function]}
        onResponderRelease={[Function]}
        onResponderTerminate={[Function]}
        onResponderTerminationRequest={[Function]}
        onStartShouldSetResponder={[Function]}
        style={
          [
            {
              "backgroundColor": "#FFFCF9",
            },
            {
              "shadowColor": "rgba(0, 0, 0, 0.1)",
              "shadowOffset": {
                "height": 2,
                "width": 0,
              },
              "shadowOpacity": 1,
              "shadowRadius": 6,
            },
            {
              "shadowColor": "#D3D3D3",
            },
            {
              "marginLeft": 24,
              "marginRight": 24,
            },
            {
              "paddingBottom": 12,
              "paddingLeft": 12,
              "paddingRight": 12,
              "paddingTop": 12,
            },
            {
              "borderBottomLeftRadius": 6,
              "borderBottomRightRadius": 6,
              "borderTopLeftRadius": 6,
              "borderTopRightRadius": 6,
            },
            [
              {
                "opacity": undefined,
              },
              undefined,
            ],
          ]
        }
        testID=""
      >
        <Text
          style={
            [
              {
                "fontFamily": "SpaceGrotesk-Regular",
              },
              {
                "fontSize": 16,
              },
              {
                "lineHeight": 18,
              },
            ]
          }
        >
          John Doe
        </Text>
        <View
          style={
            [
              {
                "marginTop": 4,
              },
              [
                undefined,
                undefined,
              ],
            ]
          }
        >
          <Text
            style={
              [
                {
                  "fontFamily": "SpaceGrotesk-light",
                },
                {
                  "fontSize": 12,
                },
                {
                  "lineHeight": 16,
                },
              ]
            }
          >
            Aucun objectif
          </Text>
        </View>
      </View>
      <View
        style={
          [
            {
              "height": 12,
            },
            [
              undefined,
              undefined,
            ],
          ]
        }
      />
    </View>
    <View
      onFocusCapture={[Function]}
      onLayout={[Function]}
      style={null}
    >
      <View
        accessibilityState={
          {
            "busy": undefined,
            "checked": undefined,
            "disabled": undefined,
            "expanded": undefined,
            "selected": undefined,
          }
        }
        accessibilityValue={
          {
            "max": undefined,
            "min": undefined,
            "now": undefined,
            "text": undefined,
          }
        }
        accessible={true}
        collapsable={false}
        focusable={true}
        onBlur={[Function]}
        onClick={[Function]}
        onFocus={[Function]}
        onResponderGrant={[Function]}
        onResponderMove={[Function]}
        onResponderRelease={[Function]}
        onResponderTerminate={[Function]}
        onResponderTerminationRequest={[Function]}
        onStartShouldSetResponder={[Function]}
        style={
          [
            {
              "backgroundColor": "#FFFCF9",
            },
            {
              "shadowColor": "rgba(0, 0, 0, 0.1)",
              "shadowOffset": {
                "height": 2,
                "width": 0,
              },
              "shadowOpacity": 1,
              "shadowRadius": 6,
            },
            {
              "shadowColor": "#D3D3D3",
            },
            {
              "marginLeft": 24,
              "marginRight": 24,
            },
            {
              "paddingBottom": 12,
              "paddingLeft": 12,
              "paddingRight": 12,
              "paddingTop": 12,
            },
            {
              "borderBottomLeftRadius": 6,
              "borderBottomRightRadius": 6,
              "borderTopLeftRadius": 6,
              "borderTopRightRadius": 6,
            },
            [
              {
                "opacity": undefined,
              },
              undefined,
            ],
          ]
        }
        testID=""
      >
        <Text
          style={
            [
              {
                "fontFamily": "SpaceGrotesk-Regular",
              },
              {
                "fontSize": 16,
              },
              {
                "lineHeight": 18,
              },
            ]
          }
        >
          John Doe
        </Text>
        <View
          style={
            [
              {
                "marginTop": 4,
              },
              [
                undefined,
                undefined,
              ],
            ]
          }
        >
          <View
            style={
              [
                {
                  "flexDirection": "row",
                },
                {
                  "flexWrap": "wrap",
                },
                [
                  undefined,
                  [
                    {
                      "marginLeft": -8,
                      "marginTop": -8,
                    },
                    undefined,
                  ],
                ],
              ]
            }
          >
            <View
              accessibilityState={
                {
                  "busy": undefined,
                  "checked": undefined,
                  "disabled": true,
                  "expanded": undefined,
                  "selected": undefined,
                }
              }
              accessibilityValue={
                {
                  "max": undefined,
                  "min": undefined,
                  "now": undefined,
                  "text": undefined,
                }
              }
              accessible={true}
              collapsable={false}
              focusable={true}
              onBlur={[Function]}
              onClick={[Function]}
              onFocus={[Function]}
              onResponderGrant={[Function]}
              onResponderMove={[Function]}
              onResponderRelease={[Function]}
              onResponderTerminate={[Function]}
              onResponderTerminationRequest={[Function]}
              onStartShouldSetResponder={[Function]}
              style={
                [
                  {
                    "borderBottomLeftRadius": 9999,
                    "borderBottomRightRadius": 9999,
                    "borderTopLeftRadius": 9999,
                    "borderTopRightRadius": 9999,
                  },
                  {
                    "paddingBottom": 4,
                    "paddingLeft": 4,
                    "paddingRight": 4,
                    "paddingTop": 4,
                  },
                  {
                    "flexDirection": "row",
                  },
                  {
                    "alignSelf": "flex-start",
                  },
                  [
                    {
                      "opacity": undefined,
                    },
                    [
                      {
                        "backgroundColor": "#ff3f00",
                      },
                      {
                        "marginLeft": 8,
                        "marginTop": 8,
                      },
                      undefined,
                    ],
                  ],
                ]
              }
              testID="tag/Obj2"
            >
              <Text
                style={
                  [
                    {
                      "fontFamily": "SpaceGrotesk-light",
                    },
                    {
                      "fontSize": 12,
                    },
                    {
                      "lineHeight": 16,
                    },
                    {
                      "color": "#FFFCF9",
                    },
                  ]
                }
              >
                Obj2
              </Text>
            </View>
          </View>
        </View>
      </View>
    </View>
    <View
      onLayout={[Function]}
    >
      <View
        style={
          [
            {
              "height": 16,
            },
            [
              undefined,
              undefined,
            ],
          ]
        }
      />
    </View>
  </View>
</RCTScrollView>
`;

exports[`PatientList should render error 1`] = `
<RCTScrollView
  ItemSeparatorComponent={[Function]}
  ListEmptyComponent={
    <React.Fragment>
      <ErrorState
        className="mt-xxl"
        type="empty"
      />
    </React.Fragment>
  }
  ListFooterComponent={
    <React.Fragment>
      <Box
        className="h-m"
      />
    </React.Fragment>
  }
  ListHeaderComponent={
    <React.Fragment>
      <Box
        className="h-s"
      />
    </React.Fragment>
  }
  contentContainerStyle={
    [
      {
        "flexGrow": 1,
      },
      undefined,
    ]
  }
  data={
    [
      {
        "birthdate": "2021-01-01",
        "createdAt": "",
        "firstname": "John",
        "id": "1",
        "lastname": "Doe",
        "objectives": [
          {
            "color": "#1fff00",
            "createdAt": "",
            "id": "1",
            "name": "Obj1",
            "practitionnerId": "",
            "slug": "Obj1",
            "updatedAt": "",
          },
          {
            "color": "#ff3f00",
            "createdAt": "",
            "id": "2",
            "name": "Obj2",
            "practitionnerId": "",
            "slug": "Obj2",
            "updatedAt": "",
          },
        ],
        "practitionnerId": "",
        "updatedAt": "",
      },
      {
        "birthdate": "2021-01-01",
        "createdAt": "",
        "firstname": "John",
        "id": "2",
        "lastname": "Doe",
        "objectives": [
          {
            "color": "#1fff00",
            "createdAt": "",
            "id": "1",
            "name": "Obj1",
            "practitionnerId": "",
            "slug": "Obj1",
            "updatedAt": "",
          },
        ],
        "practitionnerId": "",
        "updatedAt": "",
      },
      {
        "birthdate": "2021-01-01",
        "createdAt": "",
        "firstname": "John",
        "id": "3",
        "lastname": "Doe",
        "objectives": [],
        "practitionnerId": "",
        "updatedAt": "",
      },
      {
        "birthdate": "2021-01-01",
        "createdAt": "",
        "firstname": "John",
        "id": "4",
        "lastname": "Doe",
        "objectives": [
          {
            "color": "#ff3f00",
            "createdAt": "",
            "id": "2",
            "name": "Obj2",
            "practitionnerId": "",
            "slug": "Obj2",
            "updatedAt": "",
          },
        ],
        "practitionnerId": "",
        "updatedAt": "",
      },
    ]
  }
  getItem={[Function]}
  getItemCount={[Function]}
  horizontal={false}
  keyExtractor={[Function]}
  onContentSizeChange={[Function]}
  onLayout={[Function]}
  onMomentumScrollBegin={[Function]}
  onMomentumScrollEnd={[Function]}
  onScroll={[Function]}
  onScrollBeginDrag={[Function]}
  onScrollEndDrag={[Function]}
  refreshControl={
    <RefreshControlMock
      refreshing={false}
    />
  }
  removeClippedSubviews={false}
  renderItem={[Function]}
  scrollEventThrottle={50}
  stickyHeaderIndices={[]}
  style={
    {
      "backgroundColor": "#FFFCF9",
    }
  }
  viewabilityConfigCallbackPairs={[]}
>
  <RCTRefreshControl />
  <View>
    <View
      collapsable={false}
      onLayout={[Function]}
    >
      <View
        style={
          [
            {
              "height": 12,
            },
            [
              undefined,
              undefined,
            ],
          ]
        }
      />
    </View>
    <View
      onFocusCapture={[Function]}
      onLayout={[Function]}
      style={null}
    >
      <View
        accessibilityState={
          {
            "busy": undefined,
            "checked": undefined,
            "disabled": undefined,
            "expanded": undefined,
            "selected": undefined,
          }
        }
        accessibilityValue={
          {
            "max": undefined,
            "min": undefined,
            "now": undefined,
            "text": undefined,
          }
        }
        accessible={true}
        collapsable={false}
        focusable={true}
        onBlur={[Function]}
        onClick={[Function]}
        onFocus={[Function]}
        onResponderGrant={[Function]}
        onResponderMove={[Function]}
        onResponderRelease={[Function]}
        onResponderTerminate={[Function]}
        onResponderTerminationRequest={[Function]}
        onStartShouldSetResponder={[Function]}
        style={
          [
            {
              "backgroundColor": "#FFFCF9",
            },
            {
              "shadowColor": "rgba(0, 0, 0, 0.1)",
              "shadowOffset": {
                "height": 2,
                "width": 0,
              },
              "shadowOpacity": 1,
              "shadowRadius": 6,
            },
            {
              "shadowColor": "#D3D3D3",
            },
            {
              "marginLeft": 24,
              "marginRight": 24,
            },
            {
              "paddingBottom": 12,
              "paddingLeft": 12,
              "paddingRight": 12,
              "paddingTop": 12,
            },
            {
              "borderBottomLeftRadius": 6,
              "borderBottomRightRadius": 6,
              "borderTopLeftRadius": 6,
              "borderTopRightRadius": 6,
            },
            [
              {
                "opacity": undefined,
              },
              undefined,
            ],
          ]
        }
        testID=""
      >
        <Text
          style={
            [
              {
                "fontFamily": "SpaceGrotesk-Regular",
              },
              {
                "fontSize": 16,
              },
              {
                "lineHeight": 18,
              },
            ]
          }
        >
          John Doe
        </Text>
        <View
          style={
            [
              {
                "marginTop": 4,
              },
              [
                undefined,
                undefined,
              ],
            ]
          }
        >
          <View
            style={
              [
                {
                  "flexDirection": "row",
                },
                {
                  "flexWrap": "wrap",
                },
                [
                  undefined,
                  [
                    {
                      "marginLeft": -8,
                      "marginTop": -8,
                    },
                    undefined,
                  ],
                ],
              ]
            }
          >
            <View
              accessibilityState={
                {
                  "busy": undefined,
                  "checked": undefined,
                  "disabled": true,
                  "expanded": undefined,
                  "selected": undefined,
                }
              }
              accessibilityValue={
                {
                  "max": undefined,
                  "min": undefined,
                  "now": undefined,
                  "text": undefined,
                }
              }
              accessible={true}
              collapsable={false}
              focusable={true}
              onBlur={[Function]}
              onClick={[Function]}
              onFocus={[Function]}
              onResponderGrant={[Function]}
              onResponderMove={[Function]}
              onResponderRelease={[Function]}
              onResponderTerminate={[Function]}
              onResponderTerminationRequest={[Function]}
              onStartShouldSetResponder={[Function]}
              style={
                [
                  {
                    "borderBottomLeftRadius": 9999,
                    "borderBottomRightRadius": 9999,
                    "borderTopLeftRadius": 9999,
                    "borderTopRightRadius": 9999,
                  },
                  {
                    "paddingBottom": 4,
                    "paddingLeft": 4,
                    "paddingRight": 4,
                    "paddingTop": 4,
                  },
                  {
                    "flexDirection": "row",
                  },
                  {
                    "alignSelf": "flex-start",
                  },
                  [
                    {
                      "opacity": undefined,
                    },
                    [
                      {
                        "backgroundColor": "#1fff00",
                      },
                      {
                        "marginLeft": 8,
                        "marginTop": 8,
                      },
                      undefined,
                    ],
                  ],
                ]
              }
              testID="tag/Obj1"
            >
              <Text
                style={
                  [
                    {
                      "fontFamily": "SpaceGrotesk-light",
                    },
                    {
                      "fontSize": 12,
                    },
                    {
                      "lineHeight": 16,
                    },
                    {
                      "color": "#FFFCF9",
                    },
                  ]
                }
              >
                Obj1
              </Text>
            </View>
            <View
              accessibilityState={
                {
                  "busy": undefined,
                  "checked": undefined,
                  "disabled": true,
                  "expanded": undefined,
                  "selected": undefined,
                }
              }
              accessibilityValue={
                {
                  "max": undefined,
                  "min": undefined,
                  "now": undefined,
                  "text": undefined,
                }
              }
              accessible={true}
              collapsable={false}
              focusable={true}
              onBlur={[Function]}
              onClick={[Function]}
              onFocus={[Function]}
              onResponderGrant={[Function]}
              onResponderMove={[Function]}
              onResponderRelease={[Function]}
              onResponderTerminate={[Function]}
              onResponderTerminationRequest={[Function]}
              onStartShouldSetResponder={[Function]}
              style={
                [
                  {
                    "borderBottomLeftRadius": 9999,
                    "borderBottomRightRadius": 9999,
                    "borderTopLeftRadius": 9999,
                    "borderTopRightRadius": 9999,
                  },
                  {
                    "paddingBottom": 4,
                    "paddingLeft": 4,
                    "paddingRight": 4,
                    "paddingTop": 4,
                  },
                  {
                    "flexDirection": "row",
                  },
                  {
                    "alignSelf": "flex-start",
                  },
                  [
                    {
                      "opacity": undefined,
                    },
                    [
                      {
                        "backgroundColor": "#ff3f00",
                      },
                      {
                        "marginLeft": 8,
                        "marginTop": 8,
                      },
                      undefined,
                    ],
                  ],
                ]
              }
              testID="tag/Obj2"
            >
              <Text
                style={
                  [
                    {
                      "fontFamily": "SpaceGrotesk-light",
                    },
                    {
                      "fontSize": 12,
                    },
                    {
                      "lineHeight": 16,
                    },
                    {
                      "color": "#FFFCF9",
                    },
                  ]
                }
              >
                Obj2
              </Text>
            </View>
          </View>
        </View>
      </View>
      <View
        style={
          [
            {
              "height": 12,
            },
            [
              undefined,
              undefined,
            ],
          ]
        }
      />
    </View>
    <View
      onFocusCapture={[Function]}
      onLayout={[Function]}
      style={null}
    >
      <View
        accessibilityState={
          {
            "busy": undefined,
            "checked": undefined,
            "disabled": undefined,
            "expanded": undefined,
            "selected": undefined,
          }
        }
        accessibilityValue={
          {
            "max": undefined,
            "min": undefined,
            "now": undefined,
            "text": undefined,
          }
        }
        accessible={true}
        collapsable={false}
        focusable={true}
        onBlur={[Function]}
        onClick={[Function]}
        onFocus={[Function]}
        onResponderGrant={[Function]}
        onResponderMove={[Function]}
        onResponderRelease={[Function]}
        onResponderTerminate={[Function]}
        onResponderTerminationRequest={[Function]}
        onStartShouldSetResponder={[Function]}
        style={
          [
            {
              "backgroundColor": "#FFFCF9",
            },
            {
              "shadowColor": "rgba(0, 0, 0, 0.1)",
              "shadowOffset": {
                "height": 2,
                "width": 0,
              },
              "shadowOpacity": 1,
              "shadowRadius": 6,
            },
            {
              "shadowColor": "#D3D3D3",
            },
            {
              "marginLeft": 24,
              "marginRight": 24,
            },
            {
              "paddingBottom": 12,
              "paddingLeft": 12,
              "paddingRight": 12,
              "paddingTop": 12,
            },
            {
              "borderBottomLeftRadius": 6,
              "borderBottomRightRadius": 6,
              "borderTopLeftRadius": 6,
              "borderTopRightRadius": 6,
            },
            [
              {
                "opacity": undefined,
              },
              undefined,
            ],
          ]
        }
        testID=""
      >
        <Text
          style={
            [
              {
                "fontFamily": "SpaceGrotesk-Regular",
              },
              {
                "fontSize": 16,
              },
              {
                "lineHeight": 18,
              },
            ]
          }
        >
          John Doe
        </Text>
        <View
          style={
            [
              {
                "marginTop": 4,
              },
              [
                undefined,
                undefined,
              ],
            ]
          }
        >
          <View
            style={
              [
                {
                  "flexDirection": "row",
                },
                {
                  "flexWrap": "wrap",
                },
                [
                  undefined,
                  [
                    {
                      "marginLeft": -8,
                      "marginTop": -8,
                    },
                    undefined,
                  ],
                ],
              ]
            }
          >
            <View
              accessibilityState={
                {
                  "busy": undefined,
                  "checked": undefined,
                  "disabled": true,
                  "expanded": undefined,
                  "selected": undefined,
                }
              }
              accessibilityValue={
                {
                  "max": undefined,
                  "min": undefined,
                  "now": undefined,
                  "text": undefined,
                }
              }
              accessible={true}
              collapsable={false}
              focusable={true}
              onBlur={[Function]}
              onClick={[Function]}
              onFocus={[Function]}
              onResponderGrant={[Function]}
              onResponderMove={[Function]}
              onResponderRelease={[Function]}
              onResponderTerminate={[Function]}
              onResponderTerminationRequest={[Function]}
              onStartShouldSetResponder={[Function]}
              style={
                [
                  {
                    "borderBottomLeftRadius": 9999,
                    "borderBottomRightRadius": 9999,
                    "borderTopLeftRadius": 9999,
                    "borderTopRightRadius": 9999,
                  },
                  {
                    "paddingBottom": 4,
                    "paddingLeft": 4,
                    "paddingRight": 4,
                    "paddingTop": 4,
                  },
                  {
                    "flexDirection": "row",
                  },
                  {
                    "alignSelf": "flex-start",
                  },
                  [
                    {
                      "opacity": undefined,
                    },
                    [
                      {
                        "backgroundColor": "#1fff00",
                      },
                      {
                        "marginLeft": 8,
                        "marginTop": 8,
                      },
                      undefined,
                    ],
                  ],
                ]
              }
              testID="tag/Obj1"
            >
              <Text
                style={
                  [
                    {
                      "fontFamily": "SpaceGrotesk-light",
                    },
                    {
                      "fontSize": 12,
                    },
                    {
                      "lineHeight": 16,
                    },
                    {
                      "color": "#FFFCF9",
                    },
                  ]
                }
              >
                Obj1
              </Text>
            </View>
          </View>
        </View>
      </View>
      <View
        style={
          [
            {
              "height": 12,
            },
            [
              undefined,
              undefined,
            ],
          ]
        }
      />
    </View>
    <View
      onFocusCapture={[Function]}
      onLayout={[Function]}
      style={null}
    >
      <View
        accessibilityState={
          {
            "busy": undefined,
            "checked": undefined,
            "disabled": undefined,
            "expanded": undefined,
            "selected": undefined,
          }
        }
        accessibilityValue={
          {
            "max": undefined,
            "min": undefined,
            "now": undefined,
            "text": undefined,
          }
        }
        accessible={true}
        collapsable={false}
        focusable={true}
        onBlur={[Function]}
        onClick={[Function]}
        onFocus={[Function]}
        onResponderGrant={[Function]}
        onResponderMove={[Function]}
        onResponderRelease={[Function]}
        onResponderTerminate={[Function]}
        onResponderTerminationRequest={[Function]}
        onStartShouldSetResponder={[Function]}
        style={
          [
            {
              "backgroundColor": "#FFFCF9",
            },
            {
              "shadowColor": "rgba(0, 0, 0, 0.1)",
              "shadowOffset": {
                "height": 2,
                "width": 0,
              },
              "shadowOpacity": 1,
              "shadowRadius": 6,
            },
            {
              "shadowColor": "#D3D3D3",
            },
            {
              "marginLeft": 24,
              "marginRight": 24,
            },
            {
              "paddingBottom": 12,
              "paddingLeft": 12,
              "paddingRight": 12,
              "paddingTop": 12,
            },
            {
              "borderBottomLeftRadius": 6,
              "borderBottomRightRadius": 6,
              "borderTopLeftRadius": 6,
              "borderTopRightRadius": 6,
            },
            [
              {
                "opacity": undefined,
              },
              undefined,
            ],
          ]
        }
        testID=""
      >
        <Text
          style={
            [
              {
                "fontFamily": "SpaceGrotesk-Regular",
              },
              {
                "fontSize": 16,
              },
              {
                "lineHeight": 18,
              },
            ]
          }
        >
          John Doe
        </Text>
        <View
          style={
            [
              {
                "marginTop": 4,
              },
              [
                undefined,
                undefined,
              ],
            ]
          }
        >
          <Text
            style={
              [
                {
                  "fontFamily": "SpaceGrotesk-light",
                },
                {
                  "fontSize": 12,
                },
                {
                  "lineHeight": 16,
                },
              ]
            }
          >
            Aucun objectif
          </Text>
        </View>
      </View>
      <View
        style={
          [
            {
              "height": 12,
            },
            [
              undefined,
              undefined,
            ],
          ]
        }
      />
    </View>
    <View
      onFocusCapture={[Function]}
      onLayout={[Function]}
      style={null}
    >
      <View
        accessibilityState={
          {
            "busy": undefined,
            "checked": undefined,
            "disabled": undefined,
            "expanded": undefined,
            "selected": undefined,
          }
        }
        accessibilityValue={
          {
            "max": undefined,
            "min": undefined,
            "now": undefined,
            "text": undefined,
          }
        }
        accessible={true}
        collapsable={false}
        focusable={true}
        onBlur={[Function]}
        onClick={[Function]}
        onFocus={[Function]}
        onResponderGrant={[Function]}
        onResponderMove={[Function]}
        onResponderRelease={[Function]}
        onResponderTerminate={[Function]}
        onResponderTerminationRequest={[Function]}
        onStartShouldSetResponder={[Function]}
        style={
          [
            {
              "backgroundColor": "#FFFCF9",
            },
            {
              "shadowColor": "rgba(0, 0, 0, 0.1)",
              "shadowOffset": {
                "height": 2,
                "width": 0,
              },
              "shadowOpacity": 1,
              "shadowRadius": 6,
            },
            {
              "shadowColor": "#D3D3D3",
            },
            {
              "marginLeft": 24,
              "marginRight": 24,
            },
            {
              "paddingBottom": 12,
              "paddingLeft": 12,
              "paddingRight": 12,
              "paddingTop": 12,
            },
            {
              "borderBottomLeftRadius": 6,
              "borderBottomRightRadius": 6,
              "borderTopLeftRadius": 6,
              "borderTopRightRadius": 6,
            },
            [
              {
                "opacity": undefined,
              },
              undefined,
            ],
          ]
        }
        testID=""
      >
        <Text
          style={
            [
              {
                "fontFamily": "SpaceGrotesk-Regular",
              },
              {
                "fontSize": 16,
              },
              {
                "lineHeight": 18,
              },
            ]
          }
        >
          John Doe
        </Text>
        <View
          style={
            [
              {
                "marginTop": 4,
              },
              [
                undefined,
                undefined,
              ],
            ]
          }
        >
          <View
            style={
              [
                {
                  "flexDirection": "row",
                },
                {
                  "flexWrap": "wrap",
                },
                [
                  undefined,
                  [
                    {
                      "marginLeft": -8,
                      "marginTop": -8,
                    },
                    undefined,
                  ],
                ],
              ]
            }
          >
            <View
              accessibilityState={
                {
                  "busy": undefined,
                  "checked": undefined,
                  "disabled": true,
                  "expanded": undefined,
                  "selected": undefined,
                }
              }
              accessibilityValue={
                {
                  "max": undefined,
                  "min": undefined,
                  "now": undefined,
                  "text": undefined,
                }
              }
              accessible={true}
              collapsable={false}
              focusable={true}
              onBlur={[Function]}
              onClick={[Function]}
              onFocus={[Function]}
              onResponderGrant={[Function]}
              onResponderMove={[Function]}
              onResponderRelease={[Function]}
              onResponderTerminate={[Function]}
              onResponderTerminationRequest={[Function]}
              onStartShouldSetResponder={[Function]}
              style={
                [
                  {
                    "borderBottomLeftRadius": 9999,
                    "borderBottomRightRadius": 9999,
                    "borderTopLeftRadius": 9999,
                    "borderTopRightRadius": 9999,
                  },
                  {
                    "paddingBottom": 4,
                    "paddingLeft": 4,
                    "paddingRight": 4,
                    "paddingTop": 4,
                  },
                  {
                    "flexDirection": "row",
                  },
                  {
                    "alignSelf": "flex-start",
                  },
                  [
                    {
                      "opacity": undefined,
                    },
                    [
                      {
                        "backgroundColor": "#ff3f00",
                      },
                      {
                        "marginLeft": 8,
                        "marginTop": 8,
                      },
                      undefined,
                    ],
                  ],
                ]
              }
              testID="tag/Obj2"
            >
              <Text
                style={
                  [
                    {
                      "fontFamily": "SpaceGrotesk-light",
                    },
                    {
                      "fontSize": 12,
                    },
                    {
                      "lineHeight": 16,
                    },
                    {
                      "color": "#FFFCF9",
                    },
                  ]
                }
              >
                Obj2
              </Text>
            </View>
          </View>
        </View>
      </View>
    </View>
    <View
      onLayout={[Function]}
    >
      <View
        style={
          [
            {
              "height": 16,
            },
            [
              undefined,
              undefined,
            ],
          ]
        }
      />
    </View>
  </View>
</RCTScrollView>
`;

exports[`PatientList should render loading 1`] = `
<RCTScrollView
  ItemSeparatorComponent={[Function]}
  ListEmptyComponent={
    <React.Fragment>
      <ErrorState
        className="mt-xxl"
        type="empty"
      />
    </React.Fragment>
  }
  ListFooterComponent={
    <React.Fragment>
      <Box
        className="h-m"
      />
    </React.Fragment>
  }
  ListHeaderComponent={
    <React.Fragment>
      <Box
        className="h-s"
      />
    </React.Fragment>
  }
  contentContainerStyle={
    [
      {
        "flexGrow": 1,
      },
      undefined,
    ]
  }
  data={
    [
      {
        "birthdate": "2021-01-01",
        "createdAt": "",
        "firstname": "John",
        "id": "1",
        "lastname": "Doe",
        "objectives": [
          {
            "color": "#1fff00",
            "createdAt": "",
            "id": "1",
            "name": "Obj1",
            "practitionnerId": "",
            "slug": "Obj1",
            "updatedAt": "",
          },
          {
            "color": "#ff3f00",
            "createdAt": "",
            "id": "2",
            "name": "Obj2",
            "practitionnerId": "",
            "slug": "Obj2",
            "updatedAt": "",
          },
        ],
        "practitionnerId": "",
        "updatedAt": "",
      },
      {
        "birthdate": "2021-01-01",
        "createdAt": "",
        "firstname": "John",
        "id": "2",
        "lastname": "Doe",
        "objectives": [
          {
            "color": "#1fff00",
            "createdAt": "",
            "id": "1",
            "name": "Obj1",
            "practitionnerId": "",
            "slug": "Obj1",
            "updatedAt": "",
          },
        ],
        "practitionnerId": "",
        "updatedAt": "",
      },
      {
        "birthdate": "2021-01-01",
        "createdAt": "",
        "firstname": "John",
        "id": "3",
        "lastname": "Doe",
        "objectives": [],
        "practitionnerId": "",
        "updatedAt": "",
      },
      {
        "birthdate": "2021-01-01",
        "createdAt": "",
        "firstname": "John",
        "id": "4",
        "lastname": "Doe",
        "objectives": [
          {
            "color": "#ff3f00",
            "createdAt": "",
            "id": "2",
            "name": "Obj2",
            "practitionnerId": "",
            "slug": "Obj2",
            "updatedAt": "",
          },
        ],
        "practitionnerId": "",
        "updatedAt": "",
      },
    ]
  }
  getItem={[Function]}
  getItemCount={[Function]}
  horizontal={false}
  keyExtractor={[Function]}
  onContentSizeChange={[Function]}
  onLayout={[Function]}
  onMomentumScrollBegin={[Function]}
  onMomentumScrollEnd={[Function]}
  onScroll={[Function]}
  onScrollBeginDrag={[Function]}
  onScrollEndDrag={[Function]}
  refreshControl={
    <RefreshControlMock
      refreshing={false}
    />
  }
  removeClippedSubviews={false}
  renderItem={[Function]}
  scrollEventThrottle={50}
  stickyHeaderIndices={[]}
  style={
    {
      "backgroundColor": "#FFFCF9",
    }
  }
  viewabilityConfigCallbackPairs={[]}
>
  <RCTRefreshControl />
  <View>
    <View
      collapsable={false}
      onLayout={[Function]}
    >
      <View
        style={
          [
            {
              "height": 12,
            },
            [
              undefined,
              undefined,
            ],
          ]
        }
      />
    </View>
    <View
      onFocusCapture={[Function]}
      onLayout={[Function]}
      style={null}
    >
      <View
        accessibilityState={
          {
            "busy": undefined,
            "checked": undefined,
            "disabled": undefined,
            "expanded": undefined,
            "selected": undefined,
          }
        }
        accessibilityValue={
          {
            "max": undefined,
            "min": undefined,
            "now": undefined,
            "text": undefined,
          }
        }
        accessible={true}
        collapsable={false}
        focusable={true}
        onBlur={[Function]}
        onClick={[Function]}
        onFocus={[Function]}
        onResponderGrant={[Function]}
        onResponderMove={[Function]}
        onResponderRelease={[Function]}
        onResponderTerminate={[Function]}
        onResponderTerminationRequest={[Function]}
        onStartShouldSetResponder={[Function]}
        style={
          [
            {
              "backgroundColor": "#FFFCF9",
            },
            {
              "shadowColor": "rgba(0, 0, 0, 0.1)",
              "shadowOffset": {
                "height": 2,
                "width": 0,
              },
              "shadowOpacity": 1,
              "shadowRadius": 6,
            },
            {
              "shadowColor": "#D3D3D3",
            },
            {
              "marginLeft": 24,
              "marginRight": 24,
            },
            {
              "paddingBottom": 12,
              "paddingLeft": 12,
              "paddingRight": 12,
              "paddingTop": 12,
            },
            {
              "borderBottomLeftRadius": 6,
              "borderBottomRightRadius": 6,
              "borderTopLeftRadius": 6,
              "borderTopRightRadius": 6,
            },
            [
              {
                "opacity": undefined,
              },
              undefined,
            ],
          ]
        }
        testID=""
      >
        <Text
          style={
            [
              {
                "fontFamily": "SpaceGrotesk-Regular",
              },
              {
                "fontSize": 16,
              },
              {
                "lineHeight": 18,
              },
              {
                "color": "transparent",
              },
            ]
          }
        >
          John Doe
        </Text>
        <View
          style={
            [
              {
                "marginTop": 4,
              },
              [
                undefined,
                undefined,
              ],
            ]
          }
        >
          <View
            style={
              [
                {
                  "flexDirection": "row",
                },
                {
                  "flexWrap": "wrap",
                },
                [
                  undefined,
                  [
                    {
                      "marginLeft": -8,
                      "marginTop": -8,
                    },
                    undefined,
                  ],
                ],
              ]
            }
          >
            <View
              accessibilityState={
                {
                  "busy": undefined,
                  "checked": undefined,
                  "disabled": true,
                  "expanded": undefined,
                  "selected": undefined,
                }
              }
              accessibilityValue={
                {
                  "max": undefined,
                  "min": undefined,
                  "now": undefined,
                  "text": undefined,
                }
              }
              accessible={true}
              collapsable={false}
              focusable={true}
              onBlur={[Function]}
              onClick={[Function]}
              onFocus={[Function]}
              onResponderGrant={[Function]}
              onResponderMove={[Function]}
              onResponderRelease={[Function]}
              onResponderTerminate={[Function]}
              onResponderTerminationRequest={[Function]}
              onStartShouldSetResponder={[Function]}
              style={
                [
                  {
                    "borderBottomLeftRadius": 9999,
                    "borderBottomRightRadius": 9999,
                    "borderTopLeftRadius": 9999,
                    "borderTopRightRadius": 9999,
                  },
                  {
                    "paddingBottom": 4,
                    "paddingLeft": 4,
                    "paddingRight": 4,
                    "paddingTop": 4,
                  },
                  {
                    "flexDirection": "row",
                  },
                  {
                    "alignSelf": "flex-start",
                  },
                  [
                    {
                      "opacity": undefined,
                    },
                    [
                      {
                        "backgroundColor": "#1fff00",
                      },
                      {
                        "marginLeft": 8,
                        "marginTop": 8,
                      },
                      undefined,
                    ],
                  ],
                ]
              }
              testID="tag/Obj1"
            >
              <Text
                style={
                  [
                    {
                      "fontFamily": "SpaceGrotesk-light",
                    },
                    {
                      "fontSize": 12,
                    },
                    {
                      "lineHeight": 16,
                    },
                    {
                      "color": "#FFFCF9",
                    },
                  ]
                }
              >
                Obj1
              </Text>
            </View>
            <View
              accessibilityState={
                {
                  "busy": undefined,
                  "checked": undefined,
                  "disabled": true,
                  "expanded": undefined,
                  "selected": undefined,
                }
              }
              accessibilityValue={
                {
                  "max": undefined,
                  "min": undefined,
                  "now": undefined,
                  "text": undefined,
                }
              }
              accessible={true}
              collapsable={false}
              focusable={true}
              onBlur={[Function]}
              onClick={[Function]}
              onFocus={[Function]}
              onResponderGrant={[Function]}
              onResponderMove={[Function]}
              onResponderRelease={[Function]}
              onResponderTerminate={[Function]}
              onResponderTerminationRequest={[Function]}
              onStartShouldSetResponder={[Function]}
              style={
                [
                  {
                    "borderBottomLeftRadius": 9999,
                    "borderBottomRightRadius": 9999,
                    "borderTopLeftRadius": 9999,
                    "borderTopRightRadius": 9999,
                  },
                  {
                    "paddingBottom": 4,
                    "paddingLeft": 4,
                    "paddingRight": 4,
                    "paddingTop": 4,
                  },
                  {
                    "flexDirection": "row",
                  },
                  {
                    "alignSelf": "flex-start",
                  },
                  [
                    {
                      "opacity": undefined,
                    },
                    [
                      {
                        "backgroundColor": "#ff3f00",
                      },
                      {
                        "marginLeft": 8,
                        "marginTop": 8,
                      },
                      undefined,
                    ],
                  ],
                ]
              }
              testID="tag/Obj2"
            >
              <Text
                style={
                  [
                    {
                      "fontFamily": "SpaceGrotesk-light",
                    },
                    {
                      "fontSize": 12,
                    },
                    {
                      "lineHeight": 16,
                    },
                    {
                      "color": "#FFFCF9",
                    },
                  ]
                }
              >
                Obj2
              </Text>
            </View>
          </View>
        </View>
      </View>
      <View
        style={
          [
            {
              "height": 12,
            },
            [
              undefined,
              undefined,
            ],
          ]
        }
      />
    </View>
    <View
      onFocusCapture={[Function]}
      onLayout={[Function]}
      style={null}
    >
      <View
        accessibilityState={
          {
            "busy": undefined,
            "checked": undefined,
            "disabled": undefined,
            "expanded": undefined,
            "selected": undefined,
          }
        }
        accessibilityValue={
          {
            "max": undefined,
            "min": undefined,
            "now": undefined,
            "text": undefined,
          }
        }
        accessible={true}
        collapsable={false}
        focusable={true}
        onBlur={[Function]}
        onClick={[Function]}
        onFocus={[Function]}
        onResponderGrant={[Function]}
        onResponderMove={[Function]}
        onResponderRelease={[Function]}
        onResponderTerminate={[Function]}
        onResponderTerminationRequest={[Function]}
        onStartShouldSetResponder={[Function]}
        style={
          [
            {
              "backgroundColor": "#FFFCF9",
            },
            {
              "shadowColor": "rgba(0, 0, 0, 0.1)",
              "shadowOffset": {
                "height": 2,
                "width": 0,
              },
              "shadowOpacity": 1,
              "shadowRadius": 6,
            },
            {
              "shadowColor": "#D3D3D3",
            },
            {
              "marginLeft": 24,
              "marginRight": 24,
            },
            {
              "paddingBottom": 12,
              "paddingLeft": 12,
              "paddingRight": 12,
              "paddingTop": 12,
            },
            {
              "borderBottomLeftRadius": 6,
              "borderBottomRightRadius": 6,
              "borderTopLeftRadius": 6,
              "borderTopRightRadius": 6,
            },
            [
              {
                "opacity": undefined,
              },
              undefined,
            ],
          ]
        }
        testID=""
      >
        <Text
          style={
            [
              {
                "fontFamily": "SpaceGrotesk-Regular",
              },
              {
                "fontSize": 16,
              },
              {
                "lineHeight": 18,
              },
              {
                "color": "transparent",
              },
            ]
          }
        >
          John Doe
        </Text>
        <View
          style={
            [
              {
                "marginTop": 4,
              },
              [
                undefined,
                undefined,
              ],
            ]
          }
        >
          <View
            style={
              [
                {
                  "flexDirection": "row",
                },
                {
                  "flexWrap": "wrap",
                },
                [
                  undefined,
                  [
                    {
                      "marginLeft": -8,
                      "marginTop": -8,
                    },
                    undefined,
                  ],
                ],
              ]
            }
          >
            <View
              accessibilityState={
                {
                  "busy": undefined,
                  "checked": undefined,
                  "disabled": true,
                  "expanded": undefined,
                  "selected": undefined,
                }
              }
              accessibilityValue={
                {
                  "max": undefined,
                  "min": undefined,
                  "now": undefined,
                  "text": undefined,
                }
              }
              accessible={true}
              collapsable={false}
              focusable={true}
              onBlur={[Function]}
              onClick={[Function]}
              onFocus={[Function]}
              onResponderGrant={[Function]}
              onResponderMove={[Function]}
              onResponderRelease={[Function]}
              onResponderTerminate={[Function]}
              onResponderTerminationRequest={[Function]}
              onStartShouldSetResponder={[Function]}
              style={
                [
                  {
                    "borderBottomLeftRadius": 9999,
                    "borderBottomRightRadius": 9999,
                    "borderTopLeftRadius": 9999,
                    "borderTopRightRadius": 9999,
                  },
                  {
                    "paddingBottom": 4,
                    "paddingLeft": 4,
                    "paddingRight": 4,
                    "paddingTop": 4,
                  },
                  {
                    "flexDirection": "row",
                  },
                  {
                    "alignSelf": "flex-start",
                  },
                  [
                    {
                      "opacity": undefined,
                    },
                    [
                      {
                        "backgroundColor": "#1fff00",
                      },
                      {
                        "marginLeft": 8,
                        "marginTop": 8,
                      },
                      undefined,
                    ],
                  ],
                ]
              }
              testID="tag/Obj1"
            >
              <Text
                style={
                  [
                    {
                      "fontFamily": "SpaceGrotesk-light",
                    },
                    {
                      "fontSize": 12,
                    },
                    {
                      "lineHeight": 16,
                    },
                    {
                      "color": "#FFFCF9",
                    },
                  ]
                }
              >
                Obj1
              </Text>
            </View>
          </View>
        </View>
      </View>
      <View
        style={
          [
            {
              "height": 12,
            },
            [
              undefined,
              undefined,
            ],
          ]
        }
      />
    </View>
    <View
      onFocusCapture={[Function]}
      onLayout={[Function]}
      style={null}
    >
      <View
        accessibilityState={
          {
            "busy": undefined,
            "checked": undefined,
            "disabled": undefined,
            "expanded": undefined,
            "selected": undefined,
          }
        }
        accessibilityValue={
          {
            "max": undefined,
            "min": undefined,
            "now": undefined,
            "text": undefined,
          }
        }
        accessible={true}
        collapsable={false}
        focusable={true}
        onBlur={[Function]}
        onClick={[Function]}
        onFocus={[Function]}
        onResponderGrant={[Function]}
        onResponderMove={[Function]}
        onResponderRelease={[Function]}
        onResponderTerminate={[Function]}
        onResponderTerminationRequest={[Function]}
        onStartShouldSetResponder={[Function]}
        style={
          [
            {
              "backgroundColor": "#FFFCF9",
            },
            {
              "shadowColor": "rgba(0, 0, 0, 0.1)",
              "shadowOffset": {
                "height": 2,
                "width": 0,
              },
              "shadowOpacity": 1,
              "shadowRadius": 6,
            },
            {
              "shadowColor": "#D3D3D3",
            },
            {
              "marginLeft": 24,
              "marginRight": 24,
            },
            {
              "paddingBottom": 12,
              "paddingLeft": 12,
              "paddingRight": 12,
              "paddingTop": 12,
            },
            {
              "borderBottomLeftRadius": 6,
              "borderBottomRightRadius": 6,
              "borderTopLeftRadius": 6,
              "borderTopRightRadius": 6,
            },
            [
              {
                "opacity": undefined,
              },
              undefined,
            ],
          ]
        }
        testID=""
      >
        <Text
          style={
            [
              {
                "fontFamily": "SpaceGrotesk-Regular",
              },
              {
                "fontSize": 16,
              },
              {
                "lineHeight": 18,
              },
              {
                "color": "transparent",
              },
            ]
          }
        >
          John Doe
        </Text>
        <View
          style={
            [
              {
                "marginTop": 4,
              },
              [
                undefined,
                undefined,
              ],
            ]
          }
        >
          <Text
            style={
              [
                {
                  "fontFamily": "SpaceGrotesk-light",
                },
                {
                  "fontSize": 12,
                },
                {
                  "lineHeight": 16,
                },
              ]
            }
          >
            Aucun objectif
          </Text>
        </View>
      </View>
      <View
        style={
          [
            {
              "height": 12,
            },
            [
              undefined,
              undefined,
            ],
          ]
        }
      />
    </View>
    <View
      onFocusCapture={[Function]}
      onLayout={[Function]}
      style={null}
    >
      <View
        accessibilityState={
          {
            "busy": undefined,
            "checked": undefined,
            "disabled": undefined,
            "expanded": undefined,
            "selected": undefined,
          }
        }
        accessibilityValue={
          {
            "max": undefined,
            "min": undefined,
            "now": undefined,
            "text": undefined,
          }
        }
        accessible={true}
        collapsable={false}
        focusable={true}
        onBlur={[Function]}
        onClick={[Function]}
        onFocus={[Function]}
        onResponderGrant={[Function]}
        onResponderMove={[Function]}
        onResponderRelease={[Function]}
        onResponderTerminate={[Function]}
        onResponderTerminationRequest={[Function]}
        onStartShouldSetResponder={[Function]}
        style={
          [
            {
              "backgroundColor": "#FFFCF9",
            },
            {
              "shadowColor": "rgba(0, 0, 0, 0.1)",
              "shadowOffset": {
                "height": 2,
                "width": 0,
              },
              "shadowOpacity": 1,
              "shadowRadius": 6,
            },
            {
              "shadowColor": "#D3D3D3",
            },
            {
              "marginLeft": 24,
              "marginRight": 24,
            },
            {
              "paddingBottom": 12,
              "paddingLeft": 12,
              "paddingRight": 12,
              "paddingTop": 12,
            },
            {
              "borderBottomLeftRadius": 6,
              "borderBottomRightRadius": 6,
              "borderTopLeftRadius": 6,
              "borderTopRightRadius": 6,
            },
            [
              {
                "opacity": undefined,
              },
              undefined,
            ],
          ]
        }
        testID=""
      >
        <Text
          style={
            [
              {
                "fontFamily": "SpaceGrotesk-Regular",
              },
              {
                "fontSize": 16,
              },
              {
                "lineHeight": 18,
              },
              {
                "color": "transparent",
              },
            ]
          }
        >
          John Doe
        </Text>
        <View
          style={
            [
              {
                "marginTop": 4,
              },
              [
                undefined,
                undefined,
              ],
            ]
          }
        >
          <View
            style={
              [
                {
                  "flexDirection": "row",
                },
                {
                  "flexWrap": "wrap",
                },
                [
                  undefined,
                  [
                    {
                      "marginLeft": -8,
                      "marginTop": -8,
                    },
                    undefined,
                  ],
                ],
              ]
            }
          >
            <View
              accessibilityState={
                {
                  "busy": undefined,
                  "checked": undefined,
                  "disabled": true,
                  "expanded": undefined,
                  "selected": undefined,
                }
              }
              accessibilityValue={
                {
                  "max": undefined,
                  "min": undefined,
                  "now": undefined,
                  "text": undefined,
                }
              }
              accessible={true}
              collapsable={false}
              focusable={true}
              onBlur={[Function]}
              onClick={[Function]}
              onFocus={[Function]}
              onResponderGrant={[Function]}
              onResponderMove={[Function]}
              onResponderRelease={[Function]}
              onResponderTerminate={[Function]}
              onResponderTerminationRequest={[Function]}
              onStartShouldSetResponder={[Function]}
              style={
                [
                  {
                    "borderBottomLeftRadius": 9999,
                    "borderBottomRightRadius": 9999,
                    "borderTopLeftRadius": 9999,
                    "borderTopRightRadius": 9999,
                  },
                  {
                    "paddingBottom": 4,
                    "paddingLeft": 4,
                    "paddingRight": 4,
                    "paddingTop": 4,
                  },
                  {
                    "flexDirection": "row",
                  },
                  {
                    "alignSelf": "flex-start",
                  },
                  [
                    {
                      "opacity": undefined,
                    },
                    [
                      {
                        "backgroundColor": "#ff3f00",
                      },
                      {
                        "marginLeft": 8,
                        "marginTop": 8,
                      },
                      undefined,
                    ],
                  ],
                ]
              }
              testID="tag/Obj2"
            >
              <Text
                style={
                  [
                    {
                      "fontFamily": "SpaceGrotesk-light",
                    },
                    {
                      "fontSize": 12,
                    },
                    {
                      "lineHeight": 16,
                    },
                    {
                      "color": "#FFFCF9",
                    },
                  ]
                }
              >
                Obj2
              </Text>
            </View>
          </View>
        </View>
      </View>
    </View>
    <View
      onLayout={[Function]}
    >
      <View
        style={
          [
            {
              "height": 16,
            },
            [
              undefined,
              undefined,
            ],
          ]
        }
      />
    </View>
  </View>
</RCTScrollView>
`;
